8
a2
2a
ab
-1
4
1
0
true
true
true
true
false
true
false
true
true
false
true
false
false
false
false
true
true
true
false
false
true
true
false
true
