Crinha!
2
true
false
<#function>
(1, 2)
((1, 2), 8)
